[INFO] Scanning for projects...
[INFO] 
[INFO] -----------------< com.posgateway:aml-fraud-detector >------------------
[INFO] Building AML Fraud Detector 1.0.0-SNAPSHOT
[INFO]   from pom.xml
[INFO] --------------------------------[ jar ]---------------------------------
[INFO] 
[INFO] --- resources:3.3.1:resources (default-resources) @ aml-fraud-detector ---
[INFO] Copying 3 resources from src\main\resources to target\classes
[INFO] Copying 18 resources from src\main\resources to target\classes
[INFO] 
[INFO] --- compiler:3.11.0:compile (default-compile) @ aml-fraud-detector ---
[INFO] Changes detected - recompiling the module! :source
[INFO] Compiling 235 source files with javac [debug release 17] to target\classes
[INFO] /D:/PROJECTS/POS_GATEWAY/APP/AML_FRAU_DETECTOR/src/main/java/com/posgateway/aml/config/RedisConfig.java: D:\PROJECTS\POS_GATEWAY\APP\AML_FRAU_DETECTOR\src\main\java\com\posgateway\aml\config\RedisConfig.java uses or overrides a deprecated API.
[INFO] /D:/PROJECTS/POS_GATEWAY/APP/AML_FRAU_DETECTOR/src/main/java/com/posgateway/aml/config/RedisConfig.java: Recompile with -Xlint:deprecation for details.
[INFO] /D:/PROJECTS/POS_GATEWAY/APP/AML_FRAU_DETECTOR/src/main/java/com/posgateway/aml/service/compliance/ComplianceReportingService.java: Some input files use unchecked or unsafe operations.
[INFO] /D:/PROJECTS/POS_GATEWAY/APP/AML_FRAU_DETECTOR/src/main/java/com/posgateway/aml/service/compliance/ComplianceReportingService.java: Recompile with -Xlint:unchecked for details.
[INFO] -------------------------------------------------------------
[ERROR] COMPILATION ERROR : 
[INFO] -------------------------------------------------------------
[ERROR] /D:/PROJECTS/POS_GATEWAY/APP/AML_FRAU_DETECTOR/src/main/java/com/posgateway/aml/service/MemoryOptimizedTransactionIngestion.java:[54,12] constructor MemoryOptimizedTransactionIngestion(com.posgateway.aml.repository.TransactionRepository,com.fasterxml.jackson.databind.ObjectMapper) is already defined in class com.posgateway.aml.service.MemoryOptimizedTransactionIngestion
[ERROR] /D:/PROJECTS/POS_GATEWAY/APP/AML_FRAU_DETECTOR/src/main/java/com/posgateway/aml/repository/PspRepository.java:[32,13] method existsByPspCode(java.lang.String) is already defined in interface com.posgateway.aml.repository.PspRepository
[ERROR] /D:/PROJECTS/POS_GATEWAY/APP/AML_FRAU_DETECTOR/src/main/java/com/posgateway/aml/model/ScreeningResult.java:[112,16] method getMatchCount() is already defined in class com.posgateway.aml.model.ScreeningResult
[ERROR] /D:/PROJECTS/POS_GATEWAY/APP/AML_FRAU_DETECTOR/src/main/java/com/posgateway/aml/mapper/InvoiceMapper.java:[17,56] cannot find symbol
  symbol:   class LineItem
  location: class com.posgateway.aml.entity.psp.Invoice
[ERROR] /D:/PROJECTS/POS_GATEWAY/APP/AML_FRAU_DETECTOR/src/main/java/com/posgateway/aml/service/BatchTransactionIngestionService.java:[45,12] constructor BatchTransactionIngestionService(com.posgateway.aml.repository.TransactionRepository,com.fasterxml.jackson.databind.ObjectMapper) is already defined in class com.posgateway.aml.service.BatchTransactionIngestionService
[ERROR] /D:/PROJECTS/POS_GATEWAY/APP/AML_FRAU_DETECTOR/src/main/java/com/posgateway/aml/service/compliance/ComplianceReportingService.java:[130,16] cannot find symbol
  symbol:   method mapToResponse(com.posgateway.aml.entity.compliance.SuspiciousActivityReport)
  location: class com.posgateway.aml.service.compliance.ComplianceReportingService
[ERROR] /D:/PROJECTS/POS_GATEWAY/APP/AML_FRAU_DETECTOR/src/main/java/com/posgateway/aml/service/sanctions/NameMatchingService.java:[159,27] cannot find symbol
  symbol:   method builder()
  location: class com.posgateway.aml.service.sanctions.NameMatchingService.MatchResult
[ERROR] /D:/PROJECTS/POS_GATEWAY/APP/AML_FRAU_DETECTOR/src/main/java/com/posgateway/aml/config/PermissionInitializer.java:[22,9] cannot find symbol
  symbol:   variable log
  location: class com.posgateway.aml.config.PermissionInitializer
[ERROR] /D:/PROJECTS/POS_GATEWAY/APP/AML_FRAU_DETECTOR/src/main/java/com/posgateway/aml/config/PermissionInitializer.java:[26,13] cannot find symbol
  symbol:   variable log
  location: class com.posgateway.aml.config.PermissionInitializer
[ERROR] /D:/PROJECTS/POS_GATEWAY/APP/AML_FRAU_DETECTOR/src/main/java/com/posgateway/aml/config/PermissionInitializer.java:[28,13] cannot find symbol
  symbol:   variable log
  location: class com.posgateway.aml.config.PermissionInitializer
[ERROR] /D:/PROJECTS/POS_GATEWAY/APP/AML_FRAU_DETECTOR/src/main/java/com/posgateway/aml/controller/ComplianceCaseController.java:[90,36] cannot find symbol
  symbol:   method builder()
  location: class com.posgateway.aml.controller.ComplianceCaseController.CaseStats
[ERROR] /D:/PROJECTS/POS_GATEWAY/APP/AML_FRAU_DETECTOR/src/main/java/com/posgateway/aml/config/RateLimitingFilter.java:[32,21] cannot find symbol
  symbol:   variable log
  location: class com.posgateway.aml.config.RateLimitingFilter
[ERROR] /D:/PROJECTS/POS_GATEWAY/APP/AML_FRAU_DETECTOR/src/main/java/com/posgateway/aml/service/download/SanctionsListDownloadService.java:[225,30] cannot find symbol
  symbol:   method builder()
  location: class com.posgateway.aml.service.download.SanctionsListDownloadService.SanctionEntity
[ERROR] /D:/PROJECTS/POS_GATEWAY/APP/AML_FRAU_DETECTOR/src/main/java/com/posgateway/aml/service/download/SanctionsListDownloadService.java:[258,39] cannot find symbol
  symbol:   method getPhoneticCode()
  location: variable entity of type com.posgateway.aml.service.download.SanctionsListDownloadService.SanctionEntity
[ERROR] /D:/PROJECTS/POS_GATEWAY/APP/AML_FRAU_DETECTOR/src/main/java/com/posgateway/aml/service/download/SanctionsListDownloadService.java:[258,72] cannot find symbol
  symbol:   method getFullName()
  location: variable entity of type com.posgateway.aml.service.download.SanctionsListDownloadService.SanctionEntity
[ERROR] /D:/PROJECTS/POS_GATEWAY/APP/AML_FRAU_DETECTOR/src/main/java/com/posgateway/aml/service/download/SanctionsListDownloadService.java:[261,100] cannot find symbol
  symbol:   method getFullName()
  location: variable entity of type com.posgateway.aml.service.download.SanctionsListDownloadService.SanctionEntity
[ERROR] /D:/PROJECTS/POS_GATEWAY/APP/AML_FRAU_DETECTOR/src/main/java/com/posgateway/aml/service/download/SanctionsListDownloadService.java:[262,102] cannot find symbol
  symbol:   method getEntityType()
  location: variable entity of type com.posgateway.aml.service.download.SanctionsListDownloadService.SanctionEntity
[ERROR] /D:/PROJECTS/POS_GATEWAY/APP/AML_FRAU_DETECTOR/src/main/java/com/posgateway/aml/service/download/SanctionsListDownloadService.java:[264,31] cannot find symbol
  symbol:   method getPhoneticCode()
  location: variable entity of type com.posgateway.aml.service.download.SanctionsListDownloadService.SanctionEntity
[ERROR] /D:/PROJECTS/POS_GATEWAY/APP/AML_FRAU_DETECTOR/src/main/java/com/posgateway/aml/service/download/SanctionsListDownloadService.java:[266,31] cannot find symbol
  symbol:   method getAltPhoneticCode()
  location: variable entity of type com.posgateway.aml.service.download.SanctionsListDownloadService.SanctionEntity
[ERROR] /D:/PROJECTS/POS_GATEWAY/APP/AML_FRAU_DETECTOR/src/main/java/com/posgateway/aml/service/download/SanctionsListDownloadService.java:[267,98] cannot find symbol
  symbol:   method getRawData()
  location: variable entity of type com.posgateway.aml.service.download.SanctionsListDownloadService.SanctionEntity
[INFO] 20 errors 
[INFO] -------------------------------------------------------------
[INFO] ------------------------------------------------------------------------
[INFO] BUILD FAILURE
[INFO] ------------------------------------------------------------------------
[INFO] Total time:  11.201 s
[INFO] Finished at: 2025-12-16T17:26:40+03:00
[INFO] ------------------------------------------------------------------------
[ERROR] Failed to execute goal org.apache.maven.plugins:maven-compiler-plugin:3.11.0:compile (default-compile) on project aml-fraud-detector: Compilation failure: Compilation failure: 
[ERROR] /D:/PROJECTS/POS_GATEWAY/APP/AML_FRAU_DETECTOR/src/main/java/com/posgateway/aml/service/MemoryOptimizedTransactionIngestion.java:[54,12] constructor MemoryOptimizedTransactionIngestion(com.posgateway.aml.repository.TransactionRepository,com.fasterxml.jackson.databind.ObjectMapper) is already defined in class com.posgateway.aml.service.MemoryOptimizedTransactionIngestion
[ERROR] /D:/PROJECTS/POS_GATEWAY/APP/AML_FRAU_DETECTOR/src/main/java/com/posgateway/aml/repository/PspRepository.java:[32,13] method existsByPspCode(java.lang.String) is already defined in interface com.posgateway.aml.repository.PspRepository
[ERROR] /D:/PROJECTS/POS_GATEWAY/APP/AML_FRAU_DETECTOR/src/main/java/com/posgateway/aml/model/ScreeningResult.java:[112,16] method getMatchCount() is already defined in class com.posgateway.aml.model.ScreeningResult
[ERROR] /D:/PROJECTS/POS_GATEWAY/APP/AML_FRAU_DETECTOR/src/main/java/com/posgateway/aml/mapper/InvoiceMapper.java:[17,56] cannot find symbol
[ERROR]   symbol:   class LineItem
[ERROR]   location: class com.posgateway.aml.entity.psp.Invoice
[ERROR] /D:/PROJECTS/POS_GATEWAY/APP/AML_FRAU_DETECTOR/src/main/java/com/posgateway/aml/service/BatchTransactionIngestionService.java:[45,12] constructor BatchTransactionIngestionService(com.posgateway.aml.repository.TransactionRepository,com.fasterxml.jackson.databind.ObjectMapper) is already defined in class com.posgateway.aml.service.BatchTransactionIngestionService
[ERROR] /D:/PROJECTS/POS_GATEWAY/APP/AML_FRAU_DETECTOR/src/main/java/com/posgateway/aml/service/compliance/ComplianceReportingService.java:[130,16] cannot find symbol
[ERROR]   symbol:   method mapToResponse(com.posgateway.aml.entity.compliance.SuspiciousActivityReport)
[ERROR]   location: class com.posgateway.aml.service.compliance.ComplianceReportingService
[ERROR] /D:/PROJECTS/POS_GATEWAY/APP/AML_FRAU_DETECTOR/src/main/java/com/posgateway/aml/service/sanctions/NameMatchingService.java:[159,27] cannot find symbol
[ERROR]   symbol:   method builder()
[ERROR]   location: class com.posgateway.aml.service.sanctions.NameMatchingService.MatchResult
[ERROR] /D:/PROJECTS/POS_GATEWAY/APP/AML_FRAU_DETECTOR/src/main/java/com/posgateway/aml/config/PermissionInitializer.java:[22,9] cannot find symbol
[ERROR]   symbol:   variable log
[ERROR]   location: class com.posgateway.aml.config.PermissionInitializer
[ERROR] /D:/PROJECTS/POS_GATEWAY/APP/AML_FRAU_DETECTOR/src/main/java/com/posgateway/aml/config/PermissionInitializer.java:[26,13] cannot find symbol
[ERROR]   symbol:   variable log
[ERROR]   location: class com.posgateway.aml.config.PermissionInitializer
[ERROR] /D:/PROJECTS/POS_GATEWAY/APP/AML_FRAU_DETECTOR/src/main/java/com/posgateway/aml/config/PermissionInitializer.java:[28,13] cannot find symbol
[ERROR]   symbol:   variable log
[ERROR]   location: class com.posgateway.aml.config.PermissionInitializer
[ERROR] /D:/PROJECTS/POS_GATEWAY/APP/AML_FRAU_DETECTOR/src/main/java/com/posgateway/aml/controller/ComplianceCaseController.java:[90,36] cannot find symbol
[ERROR]   symbol:   method builder()
[ERROR]   location: class com.posgateway.aml.controller.ComplianceCaseController.CaseStats
[ERROR] /D:/PROJECTS/POS_GATEWAY/APP/AML_FRAU_DETECTOR/src/main/java/com/posgateway/aml/config/RateLimitingFilter.java:[32,21] cannot find symbol
[ERROR]   symbol:   variable log
[ERROR]   location: class com.posgateway.aml.config.RateLimitingFilter
[ERROR] /D:/PROJECTS/POS_GATEWAY/APP/AML_FRAU_DETECTOR/src/main/java/com/posgateway/aml/service/download/SanctionsListDownloadService.java:[225,30] cannot find symbol
[ERROR]   symbol:   method builder()
[ERROR]   location: class com.posgateway.aml.service.download.SanctionsListDownloadService.SanctionEntity
[ERROR] /D:/PROJECTS/POS_GATEWAY/APP/AML_FRAU_DETECTOR/src/main/java/com/posgateway/aml/service/download/SanctionsListDownloadService.java:[258,39] cannot find symbol
[ERROR]   symbol:   method getPhoneticCode()
[ERROR]   location: variable entity of type com.posgateway.aml.service.download.SanctionsListDownloadService.SanctionEntity
[ERROR] /D:/PROJECTS/POS_GATEWAY/APP/AML_FRAU_DETECTOR/src/main/java/com/posgateway/aml/service/download/SanctionsListDownloadService.java:[258,72] cannot find symbol
[ERROR]   symbol:   method getFullName()
[ERROR]   location: variable entity of type com.posgateway.aml.service.download.SanctionsListDownloadService.SanctionEntity
[ERROR] /D:/PROJECTS/POS_GATEWAY/APP/AML_FRAU_DETECTOR/src/main/java/com/posgateway/aml/service/download/SanctionsListDownloadService.java:[261,100] cannot find symbol
[ERROR]   symbol:   method getFullName()
[ERROR]   location: variable entity of type com.posgateway.aml.service.download.SanctionsListDownloadService.SanctionEntity
[ERROR] /D:/PROJECTS/POS_GATEWAY/APP/AML_FRAU_DETECTOR/src/main/java/com/posgateway/aml/service/download/SanctionsListDownloadService.java:[262,102] cannot find symbol
[ERROR]   symbol:   method getEntityType()
[ERROR]   location: variable entity of type com.posgateway.aml.service.download.SanctionsListDownloadService.SanctionEntity
[ERROR] /D:/PROJECTS/POS_GATEWAY/APP/AML_FRAU_DETECTOR/src/main/java/com/posgateway/aml/service/download/SanctionsListDownloadService.java:[264,31] cannot find symbol
[ERROR]   symbol:   method getPhoneticCode()
[ERROR]   location: variable entity of type com.posgateway.aml.service.download.SanctionsListDownloadService.SanctionEntity
[ERROR] /D:/PROJECTS/POS_GATEWAY/APP/AML_FRAU_DETECTOR/src/main/java/com/posgateway/aml/service/download/SanctionsListDownloadService.java:[266,31] cannot find symbol
[ERROR]   symbol:   method getAltPhoneticCode()
[ERROR]   location: variable entity of type com.posgateway.aml.service.download.SanctionsListDownloadService.SanctionEntity
[ERROR] /D:/PROJECTS/POS_GATEWAY/APP/AML_FRAU_DETECTOR/src/main/java/com/posgateway/aml/service/download/SanctionsListDownloadService.java:[267,98] cannot find symbol
[ERROR]   symbol:   method getRawData()
[ERROR]   location: variable entity of type com.posgateway.aml.service.download.SanctionsListDownloadService.SanctionEntity
[ERROR] -> [Help 1]
[ERROR] 
[ERROR] To see the full stack trace of the errors, re-run Maven with the -e switch.
[ERROR] Re-run Maven using the -X switch to enable full debug logging.
[ERROR] 
[ERROR] For more information about the errors and possible solutions, please read the following articles:
[ERROR] [Help 1] http://cwiki.apache.org/confluence/display/MAVEN/MojoFailureException
