[INFO] Scanning for projects...
[INFO] 
[INFO] -----------------< com.posgateway:aml-fraud-detector >------------------
[INFO] Building AML Fraud Detector 1.0.0-SNAPSHOT
[INFO]   from pom.xml
[INFO] --------------------------------[ jar ]---------------------------------
[INFO] 
[INFO] --- clean:3.3.2:clean (default-clean) @ aml-fraud-detector ---
[INFO] Deleting D:\PROJECTS\POS_GATEWAY\APP\AML_FRAU_DETECTOR\target
[INFO] 
[INFO] --- resources:3.3.1:resources (default-resources) @ aml-fraud-detector ---
[INFO] Copying 1 resource from src\main\resources to target\classes
[INFO] Copying 6 resources from src\main\resources to target\classes
[INFO] 
[INFO] --- compiler:3.11.0:compile (default-compile) @ aml-fraud-detector ---
[INFO] Changes detected - recompiling the module! :source
[INFO] Compiling 172 source files with javac [debug release 17] to target\classes
[INFO] /D:/PROJECTS/POS_GATEWAY/APP/AML_FRAU_DETECTOR/src/main/java/com/posgateway/aml/service/aml/AerospikeSanctionsScreeningService.java: Some input files use unchecked or unsafe operations.
[INFO] /D:/PROJECTS/POS_GATEWAY/APP/AML_FRAU_DETECTOR/src/main/java/com/posgateway/aml/service/aml/AerospikeSanctionsScreeningService.java: Recompile with -Xlint:unchecked for details.
[INFO] 
[INFO] --- resources:3.3.1:testResources (default-testResources) @ aml-fraud-detector ---
[INFO] skip non existing resourceDirectory D:\PROJECTS\POS_GATEWAY\APP\AML_FRAU_DETECTOR\src\test\resources
[INFO] 
[INFO] --- compiler:3.11.0:testCompile (default-testCompile) @ aml-fraud-detector ---
[INFO] Changes detected - recompiling the module! :dependency
[INFO] Compiling 4 source files with javac [debug release 17] to target\test-classes
[INFO] -------------------------------------------------------------
[ERROR] COMPILATION ERROR : 
[INFO] -------------------------------------------------------------
[ERROR] /D:/PROJECTS/POS_GATEWAY/APP/AML_FRAU_DETECTOR/src/test/java/com/posgateway/aml/service/notification/SlackServiceTest.java:[40,54] cannot find symbol
  symbol:   method anyString()
  location: class com.posgateway.aml.service.notification.SlackServiceTest
[INFO] 1 error
[INFO] -------------------------------------------------------------
[INFO] ------------------------------------------------------------------------
[INFO] BUILD FAILURE
[INFO] ------------------------------------------------------------------------
[INFO] Total time:  21.806 s
[INFO] Finished at: 2025-12-08T08:26:48+03:00
[INFO] ------------------------------------------------------------------------
[ERROR] Failed to execute goal org.apache.maven.plugins:maven-compiler-plugin:3.11.0:testCompile (default-testCompile) on project aml-fraud-detector: Compilation failure
[ERROR] /D:/PROJECTS/POS_GATEWAY/APP/AML_FRAU_DETECTOR/src/test/java/com/posgateway/aml/service/notification/SlackServiceTest.java:[40,54] cannot find symbol
[ERROR]   symbol:   method anyString()
[ERROR]   location: class com.posgateway.aml.service.notification.SlackServiceTest
[ERROR] 
[ERROR] -> [Help 1]
[ERROR] 
[ERROR] To see the full stack trace of the errors, re-run Maven with the -e switch.
[ERROR] Re-run Maven using the -X switch to enable full debug logging.
[ERROR] 
[ERROR] For more information about the errors and possible solutions, please read the following articles:
[ERROR] [Help 1] http://cwiki.apache.org/confluence/display/MAVEN/MojoFailureException
